| log4j2.xml:13:9:16:16 | Root | Logger $@ uses appender $@, which is vulnerable to log injection because the pattern does not contain a message encoding. | log4j2.xml:13:9:16:16 | Root | Root | log4j2.xml:8:9:10:19 | Console | STDOUT |
