| log4j2.xml:16:9:18:18 | Logger | Logger $@ uses appender $@, which is vulnerable to log injection because the pattern does not contain a message encoding. | log4j2.xml:16:9:18:18 | Logger | com.example.ExampleLogger | log4j2.xml:8:9:10:19 | Console | STDOUT |
