| logback.xml:5:5:7:12 | root | Logger $@ uses appender $@, which is vulnerable to log injection because the appender uses the pattern layout encoder. | logback.xml:5:5:7:12 | root | root | logback.xml:4:5:4:84 | appender | STDOUT |
