| logback.xml:8:5:11:12 | root | Logger $@ uses appender $@, which is vulnerable to log injection because the appender uses the pattern layout encoder. | logback.xml:8:5:11:12 | root | root | logback.xml:4:5:4:84 | appender | STDOUT |
